// Jest Snapshot v1, https://goo.gl/fbAQLP

exports[`Result tests should render as expected 1`] = `
<div
  className="result"
>
  <p>
    500
  </p>
</div>
`;
