// Jest Snapshot v1, https://goo.gl/fbAQLP

exports[`Item component should render snapshot 1`] = `
<li
  className="list-group-item list-group-item-action"
>
  <span>
    Do homework
  </span>
  <button
    className="btn btn-danger"
    onClick={[Function]}
  >
    Delete
  </button>
</li>
`;
