// Jest Snapshot v1, https://goo.gl/fbAQLP

exports[`App component should render snapshot 1`] = `
<TodoList
  items={
    Array [
      "Turn off the alarm",
      "Have breakfast",
    ]
  }
/>
`;
