// Jest Snapshot v1, https://goo.gl/fbAQLP

exports[`ProductRow component should render snapshot 1`] = `
<tr>
  <td>
    Ball
  </td>
  <td>
    100 â‚¬
  </td>
</tr>
`;
